\BOOKMARK [0][-]{chapter.1}{\376\377\000T\000h\000e\000o\000r\000e\000t\000i\000c\000a\000l\000\040\000B\000a\000c\000k\000g\000r\000o\000u\000n\000d}{}% 1
\BOOKMARK [1][-]{section.1.1}{\376\377\000M\000o\000d\000e\000l\000\040\000-\000\040\000W\000o\000r\000k\000i\000n\000g\000\040\000D\000e\000f\000i\000n\000i\000t\000i\000o\000n}{chapter.1}% 2
\BOOKMARK [1][-]{section.1.2}{\376\377\000M\000o\000d\000e\000l\000\040\000I\000n\000p\000u\000t\000\040\000S\000e\000n\000s\000i\000t\000i\000v\000i\000t\000y\000\040\000A\000n\000a\000l\000y\000s\000i\000s}{chapter.1}% 3
\BOOKMARK [1][-]{section.1.3}{\376\377\000S\000e\000n\000s\000i\000t\000i\000v\000i\000t\000y\000\040\000A\000n\000a\000l\000y\000s\000i\000s}{chapter.1}% 4
\BOOKMARK [2][-]{subsection.1.3.1}{\376\377\000T\000h\000e\000\040\000M\000o\000r\000r\000i\000s\000\040\000M\000e\000t\000h\000o\000d}{section.1.3}% 5
\BOOKMARK [1][-]{section.1.4}{\376\377\000C\000o\000l\000d\000w\000a\000t\000e\000r\000\040\000P\000a\000t\000c\000h\000e\000s}{chapter.1}% 6
\BOOKMARK [1][-]{section.1.5}{\376\377\000D\000a\000t\000a}{chapter.1}% 7
\BOOKMARK [0][-]{chapter.2}{\376\377\000M\000e\000t\000h\000o\000d\000s}{}% 8
\BOOKMARK [1][-]{section.2.1}{\376\377\000O\000p\000t\000i\000m\000i\000z\000a\000t\000i\000o\000n\000n\000\040\000o\000f\000\040\000E\000x\000i\000s\000t\000i\000n\000g\000\040\000A\000l\000g\000o\000r\000i\000t\000h\000m}{chapter.2}% 9
\BOOKMARK [2][-]{subsection.2.1.1}{\376\377\000R\000e\000i\000m\000p\000l\000e\000m\000e\000n\000t\000a\000t\000i\000o\000n\000\040\000o\000f\000\040\000t\000h\000e\000\040\000C\000W\000P\000\040\000a\000l\000g\000o\000r\000i\000t\000h\000m\000\040\000b\000a\000s\000e\000d\000\040\000o\000n\000\040\000G\000D\000A\000L\000\040\000a\000n\000d\000\040\000s\000y\000s\000t\000e\000m\000\040\000c\000a\000l\000l\000s}{section.2.1}% 10
\BOOKMARK [2][-]{subsection.2.1.2}{\376\377\000O\000u\000t\000p\000u\000t\000\040\000e\000q\000i\000v\000a\000l\000e\000n\000c\000e\000\040\000a\000n\000d\000\040\000R\000u\000n\000t\000i\000m\000e\000\040\000C\000o\000m\000p\000a\000r\000i\000s\000o\000n}{section.2.1}% 11
\BOOKMARK [1][-]{section.2.2}{\376\377\000S\000e\000n\000s\000i\000t\000i\000v\000i\000t\000y\000\040\000A\000n\000a\000l\000y\000s\000i\000s\000\040\000u\000s\000i\000n\000g\000\040\000M\000o\000r\000r\000i\000s}{chapter.2}% 12
\BOOKMARK [2][-]{subsection.2.2.1}{\376\377\000D\000e\000t\000e\000r\000m\000i\000n\000i\000n\000g\000\040\000a\000n\000d\000\040\000c\000l\000a\000s\000s\000i\000f\000y\000i\000n\000g\000\040\000s\000t\000e\000p\000\040\000l\000e\000n\000g\000t\000h\000\040\000s\000e\000n\000s\000i\000t\000i\000v\000e\000\040\000C\000W\000P}{section.2.2}% 13
\BOOKMARK [2][-]{subsection.2.2.2}{\376\377\000C\000o\000m\000p\000u\000t\000i\000n\000g\000\040\000m\000o\000r\000r\000i\000s\000\040\000s\000e\000n\000s\000i\000t\000i\000v\000i\000t\000y\000\040\000i\000n\000d\000i\000c\000e\000s\000\040\000w\000i\000t\000h\000\040\000r\000e\000s\000p\000e\000c\000t\000\040\000t\000o\000\040\000C\000W\000P\000\040\000a\000r\000e\000a}{section.2.2}% 14
\BOOKMARK [1][-]{section.2.3}{\376\377\000U\000s\000a\000g\000e\000\040\000o\000f\000\040\000K\000I}{chapter.2}% 15
\BOOKMARK [0][-]{chapter.3}{\376\377\000R\000e\000s\000u\000l\000t\000s}{}% 16
\BOOKMARK [1][-]{section.3.1}{\376\377\000C\000o\000m\000p\000a\000r\000i\000s\000o\000n\000\040\000o\000f\000\040\000o\000u\000t\000p\000u\000t\000s}{chapter.3}% 17
\BOOKMARK [1][-]{section.3.2}{\376\377\000S\000p\000e\000e\000d\000\040\000c\000o\000m\000p\000a\000r\000i\000s\000o\000n\000\040\000i\000n\000\040\000e\000x\000e\000c\000u\000t\000i\000o\000n}{chapter.3}% 18
\BOOKMARK [1][-]{section.3.3}{\376\377\000S\000e\000n\000s\000i\000t\000i\000v\000i\000y\000\040\000s\000c\000o\000r\000e\000s\000\040\000f\000o\000r\000\040\000s\000t\000e\000p\000\040\000l\000e\000n\000g\000t\000h\000\040\000p\000a\000r\000a\000m\000e\000t\000e\000r}{chapter.3}% 19
\BOOKMARK [1][-]{section.3.4}{\376\377\000M\000u\000\040\000s\000t\000a\000r\000\040\000f\000o\000r\000\040\000a\000l\000l\000\040\000p\000a\000r\000a\000m\000e\000t\000e\000r\000s\000\040\000o\000v\000e\000r\000\040\000a\000l\000l\000\040\000C\000W\000P}{chapter.3}% 20
\BOOKMARK [1][-]{section.3.5}{\376\377\000M\000u\000.\000s\000t\000a\000r\000\040\000a\000n\000d\000\040\000s\000i\000z\000e\000\040\000f\000o\000r\000\040\000e\000v\000e\000r\000y\000\040\000c\000w\000p}{chapter.3}% 21
\BOOKMARK [0][-]{chapter.4}{\376\377\000D\000i\000s\000c\000u\000s\000s\000i\000o\000n}{}% 22
\BOOKMARK [1][-]{section.4.1}{\376\377\000D\000i\000f\000f\000e\000r\000e\000n\000c\000e\000\040\000i\000n\000\040\000c\000w\000p\000\040\000p\000o\000l\000y\000g\000o\000n\000s\000\040\000b\000e\000t\000w\000e\000e\000n\000\040\000o\000l\000d\000\040\000a\000n\000d\000\040\000n\000e\000w\000\040\000f\000u\000n\000c\000t\000i\000o\000n}{chapter.4}% 23
\BOOKMARK [1][-]{section.4.2}{\376\377\000S\000p\000e\000e\000d\000\040\000c\000o\000m\000p\000a\000r\000i\000s\000o\000n}{chapter.4}% 24
\BOOKMARK [1][-]{section.4.3}{\376\377\000A\000n\000s\000w\000e\000r\000i\000n\000g\000\040\000r\000e\000s\000e\000a\000r\000c\000h\000\040\000q\000u\000e\000s\000t\000i\000o\000n\000\040\0001}{chapter.4}% 25
\BOOKMARK [1][-]{section.4.4}{\376\377\000O\000v\000e\000r\000a\000l\000l\000\040\000S\000e\000n\000s\000i\000t\000i\000v\000i\000t\000y\000\040\000t\000o\000\040\000t\000h\000e\000\040\000d\000i\000f\000f\000e\000r\000e\000n\000t\000\040\000P\000a\000r\000a\000m\000t\000e\000r\000s}{chapter.4}% 26
\BOOKMARK [0][-]{chapter.5}{\376\377\000O\000p\000t\000i\000m\000i\000s\000a\000t\000i\000o\000n\000\040\000o\000f\000\040\000t\000h\000e\000\040\000C\000W\000P\000\040\000a\000l\000g\000o\000r\000i\000t\000h\000m\000\040\000b\000a\000s\000e\000d\000\040\000o\000n\000\040\000t\000h\000e\000\040\000m\000o\000r\000r\000i\000s\000\040\000s\000e\000n\000s\000i\000t\000i\000v\000i\000t\000y\000\040\000a\000n\000a\000l\000y\000s\000i\000s}{}% 27
\BOOKMARK [1][-]{section.5.1}{\376\377\000D\000e\000p\000l\000o\000y\000i\000n\000g\000\040\000i\000n\000s\000i\000g\000h\000t\000\040\000f\000r\000o\000m\000\040\000t\000h\000e\000\040\000m\000o\000r\000r\000i\000s\000\040\000s\000c\000r\000e\000e\000n\000i\000n\000g}{chapter.5}% 28
\BOOKMARK [1][-]{section.5.2}{\376\377\000O\000p\000e\000r\000a\000t\000i\000o\000n\000a\000l\000i\000s\000a\000t\000i\000o\000n\000\040\000o\000f\000\040\000S\000u\000r\000r\000o\000u\000n\000d\000i\000n\000g\000\040\000S\000t\000r\000e\000a\000m\000\040\000t\000e\000m\000p\000e\000r\000a\000t\000u\000r\000e}{chapter.5}% 29
\BOOKMARK [1][-]{section.5.3}{\376\377\000I\000m\000p\000l\000e\000m\000e\000n\000t\000a\000t\000i\000o\000n\000\040\000D\000e\000t\000a\000i\000l}{chapter.5}% 30
\BOOKMARK [1][-]{section.5.4}{\376\377\000R\000e\000d\000u\000c\000t\000i\000o\000n\000\040\000o\000f\000\040\000p\000a\000r\000a\000m\000e\000t\000e\000r\000s}{chapter.5}% 31
\BOOKMARK [1][-]{section.5.5}{\376\377\000Q\000u\000e\000l\000l\000e\000n\000v\000e\000r\000z\000e\000i\000c\000h\000n\000i\000s}{chapter.5}% 32
