
CommandNotFoundError: Your shell has not been properly configured to use 'conda deactivate'.
To initialize your shell, run

    $ conda init <SHELL_NAME>

Currently supported shells are:
  - bash
  - fish
  - tcsh
  - xonsh
  - zsh
  - powershell

See 'conda init --help' for more information and options.

IMPORTANT: You may need to close and restart your shell after running 'conda init'.


terra 1.9.1
Linking to GEOS 3.14.1, GDAL 3.12.2, PROJ 9.7.1; sf_use_s2() is TRUE

Attaching package: ‘dplyr’

The following objects are masked from ‘package:terra’:

    intersect, union

The following objects are masked from ‘package:stats’:

    filter, lag

The following objects are masked from ‘package:base’:

    intersect, setdiff, setequal, union

Linking to liblwgeom 3.0.0beta1 r16016, GEOS 3.14.1, PROJ 9.7.1

Attaching package: ‘lwgeom’

The following objects are masked from ‘package:sf’:

    st_minimum_bounding_circle, st_perimeter

── Attaching core tidyverse packages ──────────────────────── tidyverse 2.0.0 ──
✔ forcats   1.0.1     ✔ readr     2.2.0
✔ ggplot2   4.0.2     ✔ stringr   1.6.0
✔ lubridate 1.9.5     ✔ tibble    3.3.1
✔ purrr     1.2.1     ✔ tidyr     1.3.2
── Conflicts ────────────────────────────────────────── tidyverse_conflicts() ──
✖ tidyr::extract() masks terra::extract()
✖ dplyr::filter()  masks stats::filter()
✖ dplyr::lag()     masks stats::lag()
ℹ Use the conflicted package (<http://conflicted.r-lib.org/>) to force all conflicts to become errors

Attaching package: ‘tictoc’

The following objects are masked from ‘package:terra’:

    shift, size


 *** caught segfault ***
address (nil), cause 'memory not mapped'

Traceback:
 1: .External(list(name = "CppMethod__invoke_notvoid", address = <pointer: 0x5555562657b0>,     dll = list(name = "Rcpp", path = "/cfs/earth/scratch/duerieti/.conda/envs/R_env/lib/R/library/Rcpp/libs/Rcpp.so",         dynamicLookup = TRUE, handle = <pointer: 0x5555558b9fe0>,         info = <pointer: 0x555555a674e0>, forceSymbols = FALSE),     numParameters = -1L), <pointer: 0x555559c17820>, <pointer: 0x555559f4b0d0>,     .pointer, ...)
 2: x@pntr$aggregate(by, dissolve)
 3: .local(x, ...)
 4: terra::aggregate(v, by = "grp")
 5: standardGeneric("aggregate")
 6: terra::aggregate(v, by = "grp")
 7: polygonize_flagged_vector(flagged, r, chunk_size = union_chunk_size,     connect_diag = connect_diagonals)
 8: detect_cwp_single(path_raster, path_line)
 9: eval(ei, envir)
10: eval(ei, envir)
11: withVisible(eval(ei, envir))
12: source("function_current.R")
13: `__profvis_execute__`()
14: doTryCatch(return(expr), name, parentenv, handler)
15: tryCatchOne(expr, names, parentenv, handlers[[1L]])
16: tryCatchList(expr, names[-nh], parentenv, handlers[-nh])
17: doTryCatch(return(expr), name, parentenv, handler)
18: tryCatchOne(tryCatchList(expr, names[-nh], parentenv, handlers[-nh]),     names[nh], parentenv, handlers[[nh]])
19: tryCatchList(expr, classes, parentenv, handlers)
20: tryCatch({    expr    NULL}, error = function(cnd) {    message("profvis: code exited with error:\n", cnd$message,         "\n")    cnd}, interrupt = function(cnd) {    message("profvis: interrupt received.")    cnd})
21: with_profvis_handlers(`__profvis_execute__`())
22: profvis(expr = {    source("function_current.R")})
An irrecoverable exception occurred. R is aborting now ...
/cm/local/apps/slurm/var/spool/job292512/slurm_script: line 17: 3252352 Segmentation fault      (core dumped) Rscript profile_new_function.R
